===== .optim 会话日志 2026-08-13-10-18-23 =====
目标: 优化 oopencode.sh 用户输入记录 —— 实时记录 / 去除提示词记录 / 及时保存 / 防止意外丢失
约束: 不改变脚本对外行为(输出/退出码); 兼容 macOS(无 GNU 特性); 不访问工作目录之外内容(export 为 opencode 官方命令)
工作目录: /root/configure/bin | 分支: main | HEAD: efceb47 2026-08-13-10-16-32

---- [基线/现状分析] ----
现状: 记录完全依赖 agent 自觉(prompt 约定), 风险点:
  ① 记录时机: 收到输入后 agent 何时写无硬约束 -> 崩溃前最后一条可能丢失
  ② 提示词过滤: prompt 仅文字说明'首条系统注入除外', 由 agent 自行判断, 可能误记/漏记
  ③ 路径: prompt 声称'绝对路径'但注入的是相对路径 ${LIST_FILE}, 表述矛盾
  ④ 无兜底: agent 漏写后无任何恢复机制
实测: DEBUG 日志(.agent.*.log)不含用户输入原文, 无法从日志恢复; opencode export <SID> 可导出完整会话 JSON(含 user 消息原文) -> 可行兜底

---- [方案] ----
1. prompt 增强: 明确四点(系统注入提示词一律不记录/先写后答/绝对路径/写入失败报告)
2. 脚本兜底: trap EXIT -> 从 LOG_FILE 提取 session.id -> opencode export -> python3 提取 user 文本(跳过含'【用户输入记录】'标记的提示词消息) -> 与 LIST_FILE 比对 -> 追加补录缺失条目
3. 兜底定位为防丢失最后防线; agent 侧先写后答为主通道

---- [实现] ----
改动文件: /root/configure/bin/oopencode.sh
  oopencode.sh:12 新增 _PWD=$(pwd), 尾部 unset
  oopencode.sh:44-47 prompt【用户输入记录】修订: 明确系统注入提示词一律不记录 / 先写后答 / 绝对路径 ${_PWD}/${LIST_FILE}(原为相对路径,表述矛盾已修正) / 写入失败向用户报告
  oopencode.sh:137-180 新增 _recover_inputs() 兜底函数 + trap '_recover_inputs' EXIT
    流程: LOG_FILE 提取 session.id -> opencode export -> python3 提取 user text(跳过含'【用户输入记录】'标记的消息=系统注入提示词) -> 与 LIST_FILE 比对 -> 追加补录缺失条目标记'兜底补录'

---- [验证] ----
  1. bash -n 通过
  2. 真实会话 export: opencode export ses_00719d... exit=0, JSON 含 messages[].info.role
  3. 提取测试: 真实 export 中提示词(含标记)被跳过, 提取出 1 条真实输入(~optim,优化...) ✓
  4. 去重测试: 已录内容不重复补录 (补录0条) ✓
  5. 特殊字符测试: 多行/引号/$ 原样保留; 文件不存在自动创建 ✓
  6. trap 测试: 正常 exit 与 SIGINT exit 均触发 ✓
  7. SID 正则 [A-Za-z0-9_-] 在真实 LOG_FILE 提取完整 ✓ (旧正则 [a-z0-9_] 会截断大写,已用新正则)

---- [结论] ----
  收益: ①实时性: prompt 强制先写后答, 收到输入即落盘 ②提示词过滤: 双保险(prompt 明示 + 脚本按内容标记跳过) ③防丢失: agent 漏写/崩溃时脚本 EXIT trap 从官方会话导出补录
  权衡: 每次会话结束新增一次 export + python 解析(秒级,一次性); export 失败时静默跳过不影响主流程
  遗留: ①kill -9 强杀且会话未落盘时最后一条输入物理上无法恢复 ②补录条目标记'兜底补录'区别于 agent 编号条目(仅崩溃场景出现) ③兜底依赖 opencode export 命令(官方 CLI, 已验证本机可用)
  结束: 2026-08-13-10-19-20
