===== tag 会话日志 =====
---- [2026-08-13 11:01:25] 会话开始 ----
工作目录: /root/configure/skills
分支: main, HEAD: 08a3839 2026-08-13-10-58-18
操作请求: 创建新标签（无类型信号）
---- [2026-08-13 11:01:25] 类型判定与编号 ----
输入信号: ~tag 无类型信号 → TYPE=dev（默认）
最新 dev 标签: dev6 → NEW_TAG=dev7
基线: dev6(e747f6d)（时间序最近标签）
08a3839 2026-08-13-10-58-18
1d6196b 2026-08-13-10-43-00
 bin/.agent.2026-08-13-10-35-48.list    |  4 ++
 bin/.agent.2026-08-13-10-36-35.list    |  8 +++
 skills/.agent.2026-08-13-10-48-41.list |  4 ++
 skills/AGENTS.md                       |  2 +-
 skills/analy/SKILL.md                  | 92 ++++++++++++++++++++++++++++++----
 skills/tag/SKILL.md                    | 10 ++--
 skills/test/SKILL.md                   |  2 +-
 7 files changed, 105 insertions(+), 17 deletions(-)
exit=0
---- [2026-08-13 11:01:33] 先推后打：push 当前分支 ----
$ git push origin main
Everything up-to-date
exit=0
---- [2026-08-13 11:01:37] 创建标签 dev7 ----
$ git tag -a dev7 -m "follow dev6, 1. analy技能大幅增强：新增多资料联系与层次逻辑梳理（角色定位/关系梳理/层次呈现/重联系轻罗列）与代码-对象映射（识别对象/建立符号概念映射/对象语言解释）; 2. analy报告升级多色彩标识体系（tcolorbox结论框与参考框、titlesec标题着色、五色规范），报告逻辑连贯层次分明，缺宏包时退化; 3. 修复tag技能列出标签grep过滤表达式与description缩进，更新skills/AGENTS.md与test描述; [opencode]."
follow dev6, 1. analy技能大幅增强：新增多资料联系与层次逻辑梳理（角色定位/关系梳理/层次呈现/重联系轻罗列）与代码-对象映射（识别对象/建立符号概念映射/对象语言解释）; 2. analy报告升级多色彩标识体系（tcolorbox结论框与参考框、titlesec标题着色、五色规范），报告逻辑连贯层次分明，缺宏包时退化; 3. 修复tag技能列出标签grep过滤表达式与description缩进，更新skills/AGENTS.md与test描述; [opencode].
exit=0
---- [2026-08-13 11:01:40] 推送标签 dev7 ----
$ git push origin dev7
remote: Powered by [01;33mGITEE.COM [0m[1.1.23]        
remote: Set trace flag 524dc38d        
To gitee.com:zhangxin8069/configure.git
 * [new tag]         dev7 -> dev7
exit=0
---- [2026-08-13 11:01:41] 会话结束 ----
