===== optim 会话日志 =====
---- [2026-08-13 10:50:00] 会话头 ----
TS=2026-08-13-10-50-00 工作目录: /root/configure/skills
任务: 优化 8 技能直至最优 (第 3 轮)
用户约束: 读取日志耗时不能过长, 优先较新日志
git 分支: main, HEAD 1d6196b 2026-08-13-10-43-00

---- [2026-08-13 10:50:30] 基线 ----
预读历史日志 2 份 (10:10-23 第2轮结论, 10:03-07 第1轮结论): 前两轮已统一 8 技能结构 (核心原则/日志/历史预读/触发/工作流/错误处理/注意事项)、全中文化、head -3 日志预读控制、交叉引用修复。
工作区状态: 干净 (仅 .agent.2026-08-13-10-48-41.list 未跟踪, 约定不入库)。tag 技能 10:39-40 的 debug 修复 (SKILL.md:305 grep 正则 $ -> ' \|') 已入库。

---- [2026-08-13 10:51:00] 迭代 1: 全面一致性扫描 ----
瓶颈假设: 两轮优化后仍有格式/结构残留不一致
检查项与结果:
1. 章节结构: 8/8 有 核心原则/会话日志/历史日志预读/触发时机/错误处理/注意事项; 7/8 用 "## 工作流程", tag 用 "## 操作" (命令手册式 6 大操作, 语义准确, 保留)
2. frontmatter: name/description/metadata/emoji 8/8; YAML 解析 8/8 OK
3. 耗时控制: tail -80 + head -3 8/8, 单行内容一致 8/8
4. 英文残留: Warning/TODO/FIXME 0; analy 4 处 "英文" 与 tag 4 处 "英文标点" 均为合法语义 (非残留)
5. 交叉引用: 见「设备与精度管理」「测试对象解析」「输入解析规则」「触发时机」均存在
6. 行尾/编码: 8/8 UTF-8 无 BOM, 末尾换行 1
7. 发现不一致: tag/SKILL.md:8-11 description 4 行 3 空格缩进 (其余 2 空格); test/SKILL.md:6 description 1 行 3 空格缩进

---- [2026-08-13 10:51:30] 改动 ----
1) tag/SKILL.md:8-11  description 4 行 3 空格 -> 2 空格 (YAML 块缩进统一)
2) test/SKILL.md:6  description 1 行 3 空格 -> 2 空格

---- [2026-08-13 10:52:00] 复测验证 ----
$ for d in ...; do awk '/^description:/...' | grep -n "^   "; done
exit=0, 8/8 无 3 空格缩进残留
$ python3 -c "import yaml; ..." 8/8
exit=0, frontmatter 解析全部 OK
$ git diff --stat
exit=0, 2 files changed, 5 insertions(+), 5 deletions(-) (纯缩进)
行为回归: 纯空白改动, 语义零变化

---- [2026-08-13 10:52:30] 会话尾 ----
结论: 第 3 轮优化完成。8 技能 frontmatter 缩进统一, YAML 解析全部通过, 结构与引用均一致。
权衡: 无性能代价 (纯格式修正)
日志: .optim.2026-08-13-10-50-00.log (迭代 1 次)
遗留: 改动未提交, 提示用户自行提交; tag 的 "## 操作" 章节名与其余 7 个 "## 工作流程" 不同属语义设计, 保留
