===== optim 会话日志 =====
---- [2026-08-13 10:55:00] 会话头 ----
TS=2026-08-13-10-55-00 工作目录: /root/configure/skills
任务: 优化 analy 技能 (第 3 轮): 多资料联系/层次逻辑 + 代码-对象映射 + 文档逻辑连贯/层次分明 + 多色彩标识
用户约束: 读取日志耗时不能过长, 优先较新日志 (沿用)
git 分支: main, HEAD 1d6196b 2026-08-13-10-43-00

---- [2026-08-13 10:55:30] 基线 ----
当前 analy/SKILL.md 325 行: 核心原则 8 条/会话日志/历史日志预读/触发时机/输入解析规则/输出命名约定/
工作流程 8 步/错误处理/注意事项。缺: 多资料联系与层次分析方法、代码-对象映射方法、
文档逻辑连贯要求、色彩标识体系 (模板仅 gray!10 底色, 无彩色)。

---- [2026-08-13 10:56:00] 迭代 1: 方法论与模板增强 ----
瓶颈假设: 解析方法重"收集"轻"联系", 输出模板缺色彩标识与层次规范
改动计划:
1. 核心原则新增 2 条 (多资料联系与层次 / 代码-对象映射)
2. Step 4 新增子项: 资料联系与层次梳理 / 代码-对象映射
3. Step 5 模板增强: xcolor 色彩体系 + tcolorbox 结论/参考框 + titlesec 章节着色 + 生成要点补逻辑连贯/层次分明/色标约定
4. 错误处理表新增 tcolorbox/titlesec 缺失退化
5. 注意事项补充; description 与根 AGENTS.md 同步

---- [2026-08-13 10:57:00] 迭代 1 复测验证 ----
改动落地 (analy/SKILL.md, 325 -> 403 行):
1. 核心原则 +2 条: 9)多资料联系与层次逻辑 10)代码-对象对应
2. Step 4 +2 子节: 多资料联系与层次梳理(角色定位/关系梳理/层次呈现/重联系轻罗列)、
   代码-对象映射(识别对象/建立映射表/对象语言解释/纯工程代码兜底)
3. Step 5 模板: +tcolorbox/+titlesec/+5 色体系(accent/evidence/reference/conclusion/codebg),
   +conclbox/refbox 彩色框, 标题着色, lstset 关键字/注释着色, 摘要含资料联系概览
4. 生成要点重排 8 条: 新增逻辑连贯(主线:摘要→概览→分析→片段→结论)、层次分明(层级+子节要求)、
   色彩标识约定(5 色用途统一)
5. 错误处理 +1 行: 缺 tcolorbox/titlesec 退化策略
6. 注意事项 +3 条: 重联系轻罗列/代码对象映射/五色规范
7. description 与根 AGENTS.md 同步新能力
$ xelatex (tcolorbox+titlesec+conclbox+refbox+lstinputlisting 实测模板)
exit=0, PDF 30K 生成, 中文渲染/目录/彩色框正常
$ python3 -c "import yaml; yaml.safe_load(...)"; 章节结构 grep
exit=0, frontmatter OK, 结构完整 (核心原则 10 条/工作流程 8 步/错误处理/注意事项)

---- [2026-08-13 10:57:30] 会话尾 ----
结论: analy 技能增强完成——方法论层(资料联系与层次/代码-对象映射)与输出层(逻辑连贯/层次分明/
五色标识)双落地, LaTeX 模板实测可编译, 宏包本机齐备, 退化路径已写入错误处理
权衡: tcolorbox/titlesec 增加宏包依赖, 已提供缺失退化策略
日志: .optim.2026-08-13-10-55-00.log (迭代 1 次)
遗留: 改动未提交, 提示用户自行提交
