---- [2026-08-13 10:00:00] 会话头 ----
TS=2026-08-13-10-03-07 工作目录: /root/configure/skills
任务: 优化此目录下所有 skill 直至最优（8 个: init/tag/debug/optim/diff/analy/test/make）
用户约束: 历史日志读取耗时不能过长, 优先较新日志
---- [2026-08-13 10:00:30] 并发冲突事件 ----
外部进程 09:50 执行 git checkout + clean: 删除 test//make/ 目录与全部 .agent.*.log/.optim.*.log/.list, 回滚 tag/init 修改
用户确认: 重建并重做全部优化
---- [2026-08-13 10:01:00] 迭代 1: 重建 make/test + 重做优化 ----
make/SKILL.md 重建 (236 行, 含耗时控制行); make/AGENTS.md 重建
test/SKILL.md 重建 (284 行, 引用修复: .agent.2026-08-13-09-16-09.list -> .agent.*.list 最新一份, 3 处); test/AGENTS.md 重建
tag/SKILL.md 中文化整写 (504 行): 12 章全中文, 消除 426 行英文 (Three tag types/Trigger/Operations/Error handling summary/Agent output conventions)
init/SKILL.md 补充 ## 注意事项 章节 (7 条, 对齐其余 7 个技能)
skills/AGENTS.md 技能表登记 test/make 两行
耗时控制约定统一插入 8 个技能历史日志预读: 优先较新日志, 默认仅最新一份 tail -80, 单份限额, 秒级总耗时
---- [2026-08-13 10:02:00] 复测验证 ----
目录 8/8; frontmatter 8/8 (name/description/metadata/emoji); 耗时控制 8/8
tag 英文章节残留 0; init 注意事项 1; test 失效引用 0
结构统计: diff 169 / optim 178 / debug 182 / make 236 / test 284 / analy 325 / init 372 / tag 504 行
---- [2026-08-13 10:02:30] 会话尾 ----
结论: 8 技能结构一致 (核心原则/日志/历史预读/触发/工作流/错误处理/注意事项), 全中文, 引用有效, 耗时控制落地
权衡: tag 中文化纯翻译无性能代价; 耗时控制为文档约定无运行开销
遗留: 未提交改动 (git status 显示 M skills/AGENTS.md + 未跟踪 test//make/), 提示用户自行提交; 并发进程来源未完全确认
