===== debug 会话日志 =====
---- [2026-08-13 10:39:39] 会话开始 ----
工作目录: /root/configure/skills/tag
问题描述: tag 技能 Step 2 列表过滤命令 git tag -l --format=... | grep -E '^(stab|dev|bug)[0-9]+(_[0-9]+)?$' 误报无标签（实际有 27 个标签）
期望行为: 过滤命令应输出全部 stab/dev/bug 标签行
实际行为: 输出为空（git tag -l 裸输出正常，grep 过滤后为空）
环境: git 仓库 /root/configure, main 分支, HEAD e747f6d 2026-08-13-10-27-37
---
---- [2026-08-13 10:40:26] 复现与根因定位 ----
复现: git tag -l --sort=-v:refname --format='%(refname:short) | %(taggername) | %(taggerdate:short) | %(subject)' | grep -E '^(stab|dev|bug)[0-9]+(_[0-9]+)?$' 输出为空（exit=0）
对照: 裸 git tag -l --sort=-v:refname | grep -E '...' 输出正常
根因: 带 --format 后每行形如 'stab18 | zhangxin | 2026-08-13 | follow ...'，正则尾部 $ 锚定要求整行仅为标签名，format 附加内容导致全部行不匹配 → 误报无标签
受影响行: /root/configure/skills/tag/SKILL.md:305（Step 2 列出全部标签命令）
未受影响行: 220/350/201/395 均用裸 git tag -l（输出仅标签名），$ 锚定正确
---- [2026-08-13 10:40:26] 修复 ----
改动: SKILL.md:305  grep 正则 $ 改为 ' \|'（行首标签名 + 空格竖线分隔）
$ 验证: 带 format 过滤输出 28 行 = 裸 tag -l 过滤 28 行（stab 21 + dev 7 + bug 0，dev6 为本会话新标签）
边界: 'stab-final | ...' 伪标签不被误匹配（OK）
---- [2026-08-13 10:40:26] 会话结束 ----
结论: 修复完成，1 次迭代，无遗留
提示: 加载源 /root/.opencode/skills/tag/SKILL.md 为旧英文版（与仓库内文件不同），未改动
